exports[`Create application form(snapshot) Create application form render form 1`] = `
<form
  onSubmit={[Function]}>
  <div>
    <TextField
      disabled={false}
      floatingLabelFixed={false}
      floatingLabelText="Name"
      fullWidth={false}
      multiLine={false}
      onChange={[Function]}
      required={true}
      rows={1}
      type="text"
      underlineShow={true} />
  </div>
  <div>
    <TextField
      disabled={false}
      floatingLabelFixed={false}
      floatingLabelText="Galaxy Role"
      fullWidth={false}
      multiLine={false}
      onChange={[Function]}
      required={true}
      rows={1}
      type="text"
      underlineShow={true} />
  </div>
  <div>
    <RaisedButton
      disabled={false}
      fullWidth={false}
      label="Create"
      labelPosition="after"
      primary={false}
      secondary={false}
      type="submit" />
  </div>
</form>
`;
